
> react-typescript-starter@0.1.0 test
> react-scripts test --coverage

Browserslist: caniuse-lite is outdated. Please run:
  npx browserslist@latest --update-db
  Why you should do it regularly: https://github.com/browserslist/browserslist#browsers-data-updating
  console.warn
    No routes matched location "/"

      at Object.warning [as UNSAFE_warning] (node_modules/@remix-run/router/history.ts:487:49)
      at useRoutesImpl (node_modules/react-router/lib/hooks.tsx:419:5)
      at useRoutes (node_modules/react-router/lib/hooks.tsx:330:10)
      at Routes (node_modules/react-router/lib/components.tsx:403:10)
      at renderWithHooks (node_modules/react-dom/cjs/react-dom.development.js:14985:18)
      at mountIndeterminateComponent (node_modules/react-dom/cjs/react-dom.development.js:17811:13)
      at beginWork (node_modules/react-dom/cjs/react-dom.development.js:19049:16)

  console.error
    Error: Uncaught [TypeError: targetWindow.matchMedia is not a function]
        at reportException (/home/runner/work/Team-6/Team-6/node_modules/jsdom/lib/jsdom/living/helpers/runtime-script-errors.js:66:24)
        at innerInvokeEventListeners (/home/runner/work/Team-6/Team-6/node_modules/jsdom/lib/jsdom/living/events/EventTarget-impl.js:341:9)
        at invokeEventListeners (/home/runner/work/Team-6/Team-6/node_modules/jsdom/lib/jsdom/living/events/EventTarget-impl.js:274:3)
        at HTMLUnknownElementImpl._dispatch (/home/runner/work/Team-6/Team-6/node_modules/jsdom/lib/jsdom/living/events/EventTarget-impl.js:221:9)
        at HTMLUnknownElementImpl.dispatchEvent (/home/runner/work/Team-6/Team-6/node_modules/jsdom/lib/jsdom/living/events/EventTarget-impl.js:94:17)
        at HTMLUnknownElement.dispatchEvent (/home/runner/work/Team-6/Team-6/node_modules/jsdom/lib/jsdom/living/generated/EventTarget.js:231:34)
        at Object.invokeGuardedCallbackDev (/home/runner/work/Team-6/Team-6/node_modules/react-dom/cjs/react-dom.development.js:3994:16)
        at invokeGuardedCallback (/home/runner/work/Team-6/Team-6/node_modules/react-dom/cjs/react-dom.development.js:4056:31)
        at beginWork$1 (/home/runner/work/Team-6/Team-6/node_modules/react-dom/cjs/react-dom.development.js:23964:7)
        at performUnitOfWork (/home/runner/work/Team-6/Team-6/node_modules/react-dom/cjs/react-dom.development.js:22779:12) TypeError: targetWindow.matchMedia is not a function
        at getMatcher (/home/runner/work/Team-6/Team-6/node_modules/@restart/hooks/cjs/useMediaQuery.js:21:24)
        at useMediaQuery (/home/runner/work/Team-6/Team-6/node_modules/@restart/hooks/cjs/useMediaQuery.js:54:13)
        at useBreakpoint (/home/runner/work/Team-6/Team-6/node_modules/@restart/hooks/cjs/useBreakpoint.js:113:39)
        at /home/runner/work/Team-6/Team-6/node_modules/react-bootstrap/cjs/Offcanvas.js:71:62
        at renderWithHooks (/home/runner/work/Team-6/Team-6/node_modules/react-dom/cjs/react-dom.development.js:14985:18)
        at updateForwardRef (/home/runner/work/Team-6/Team-6/node_modules/react-dom/cjs/react-dom.development.js:17044:20)
        at beginWork (/home/runner/work/Team-6/Team-6/node_modules/react-dom/cjs/react-dom.development.js:19098:16)
        at HTMLUnknownElement.callCallback (/home/runner/work/Team-6/Team-6/node_modules/react-dom/cjs/react-dom.development.js:3945:14)
        at HTMLUnknownElement.callTheUserObjectsOperation (/home/runner/work/Team-6/Team-6/node_modules/jsdom/lib/jsdom/living/generated/EventListener.js:26:30)
        at innerInvokeEventListeners (/home/runner/work/Team-6/Team-6/node_modules/jsdom/lib/jsdom/living/events/EventTarget-impl.js:338:25)
        at invokeEventListeners (/home/runner/work/Team-6/Team-6/node_modules/jsdom/lib/jsdom/living/events/EventTarget-impl.js:274:3)
        at HTMLUnknownElementImpl._dispatch (/home/runner/work/Team-6/Team-6/node_modules/jsdom/lib/jsdom/living/events/EventTarget-impl.js:221:9)
        at HTMLUnknownElementImpl.dispatchEvent (/home/runner/work/Team-6/Team-6/node_modules/jsdom/lib/jsdom/living/events/EventTarget-impl.js:94:17)
        at HTMLUnknownElement.dispatchEvent (/home/runner/work/Team-6/Team-6/node_modules/jsdom/lib/jsdom/living/generated/EventTarget.js:231:34)
        at Object.invokeGuardedCallbackDev (/home/runner/work/Team-6/Team-6/node_modules/react-dom/cjs/react-dom.development.js:3994:16)
        at invokeGuardedCallback (/home/runner/work/Team-6/Team-6/node_modules/react-dom/cjs/react-dom.development.js:4056:31)
        at beginWork$1 (/home/runner/work/Team-6/Team-6/node_modules/react-dom/cjs/react-dom.development.js:23964:7)
        at performUnitOfWork (/home/runner/work/Team-6/Team-6/node_modules/react-dom/cjs/react-dom.development.js:22779:12)
        at workLoopSync (/home/runner/work/Team-6/Team-6/node_modules/react-dom/cjs/react-dom.development.js:22707:5)
        at renderRootSync (/home/runner/work/Team-6/Team-6/node_modules/react-dom/cjs/react-dom.development.js:22670:7)
        at performSyncWorkOnRoot (/home/runner/work/Team-6/Team-6/node_modules/react-dom/cjs/react-dom.development.js:22293:18)
        at scheduleUpdateOnFiber (/home/runner/work/Team-6/Team-6/node_modules/react-dom/cjs/react-dom.development.js:21881:7)
        at updateContainer (/home/runner/work/Team-6/Team-6/node_modules/react-dom/cjs/react-dom.development.js:25482:3)
        at /home/runner/work/Team-6/Team-6/node_modules/react-dom/cjs/react-dom.development.js:26021:7
        at unbatchedUpdates (/home/runner/work/Team-6/Team-6/node_modules/react-dom/cjs/react-dom.development.js:22431:12)
        at legacyRenderSubtreeIntoContainer (/home/runner/work/Team-6/Team-6/node_modules/react-dom/cjs/react-dom.development.js:26020:5)
        at Object.render (/home/runner/work/Team-6/Team-6/node_modules/react-dom/cjs/react-dom.development.js:26103:10)
        at /home/runner/work/Team-6/Team-6/node_modules/@testing-library/react/dist/pure.js:101:25
        at batchedUpdates$1 (/home/runner/work/Team-6/Team-6/node_modules/react-dom/cjs/react-dom.development.js:22380:12)
        at act (/home/runner/work/Team-6/Team-6/node_modules/react-dom/cjs/react-dom-test-utils.development.js:1042:14)
        at render (/home/runner/work/Team-6/Team-6/node_modules/@testing-library/react/dist/pure.js:97:26)
        at Object.<anonymous> (/home/runner/work/Team-6/Team-6/src/App.test.tsx:6:5)
        at Promise.then.completed (/home/runner/work/Team-6/Team-6/node_modules/jest-circus/build/utils.js:391:28)
        at new Promise (<anonymous>)
        at callAsyncCircusFn (/home/runner/work/Team-6/Team-6/node_modules/jest-circus/build/utils.js:316:10)
        at _callCircusTest (/home/runner/work/Team-6/Team-6/node_modules/jest-circus/build/run.js:218:40)
        at _runTest (/home/runner/work/Team-6/Team-6/node_modules/jest-circus/build/run.js:155:3)
        at _runTestsForDescribeBlock (/home/runner/work/Team-6/Team-6/node_modules/jest-circus/build/run.js:66:9)
        at run (/home/runner/work/Team-6/Team-6/node_modules/jest-circus/build/run.js:25:3)
        at runAndTransformResultsToJestFormat (/home/runner/work/Team-6/Team-6/node_modules/jest-circus/build/legacy-code-todo-rewrite/jestAdapterInit.js:170:21)
        at jestAdapter (/home/runner/work/Team-6/Team-6/node_modules/jest-circus/build/legacy-code-todo-rewrite/jestAdapter.js:82:19)
        at runTestInternal (/home/runner/work/Team-6/Team-6/node_modules/jest-runner/build/runTest.js:389:16)
        at runTest (/home/runner/work/Team-6/Team-6/node_modules/jest-runner/build/runTest.js:475:34)
        at TestRunner.runTests (/home/runner/work/Team-6/Team-6/node_modules/jest-runner/build/index.js:111:12)
        at TestScheduler.scheduleTests (/home/runner/work/Team-6/Team-6/node_modules/@jest/core/build/TestScheduler.js:333:13)
        at runJest (/home/runner/work/Team-6/Team-6/node_modules/@jest/core/build/runJest.js:404:19)
        at _run10000 (/home/runner/work/Team-6/Team-6/node_modules/@jest/core/build/cli/index.js:320:7)
        at runCLI (/home/runner/work/Team-6/Team-6/node_modules/@jest/core/build/cli/index.js:173:3)
        at Object.run (/home/runner/work/Team-6/Team-6/node_modules/jest-cli/build/cli/index.js:155:37)

      at VirtualConsole.<anonymous> (node_modules/jsdom/lib/jsdom/virtual-console.js:29:45)
      at reportException (node_modules/jsdom/lib/jsdom/living/helpers/runtime-script-errors.js:70:28)
      at innerInvokeEventListeners (node_modules/jsdom/lib/jsdom/living/events/EventTarget-impl.js:341:9)
      at invokeEventListeners (node_modules/jsdom/lib/jsdom/living/events/EventTarget-impl.js:274:3)
      at HTMLUnknownElementImpl._dispatch (node_modules/jsdom/lib/jsdom/living/events/EventTarget-impl.js:221:9)
      at HTMLUnknownElementImpl.dispatchEvent (node_modules/jsdom/lib/jsdom/living/events/EventTarget-impl.js:94:17)

  console.error
    The above error occurred in the <Offcanvas> component:
    
        at /home/runner/work/Team-6/Team-6/node_modules/react-bootstrap/cjs/Offcanvas.js:34:3
        at Cart (/home/runner/work/Team-6/Team-6/src/components/Cart.tsx:12:24)
        at ShoppingCartProvider (/home/runner/work/Team-6/Team-6/src/context/shoppingCartContext.tsx:31:40)
        at div
        at App
    
    Consider adding an error boundary to your tree to customize error handling behavior.
    Visit https://reactjs.org/link/error-boundaries to learn more about error boundaries.

      at logCapturedError (node_modules/react-dom/cjs/react-dom.development.js:20085:23)
      at update.callback (node_modules/react-dom/cjs/react-dom.development.js:20118:5)
      at callCallback (node_modules/react-dom/cjs/react-dom.development.js:12318:12)
      at commitUpdateQueue (node_modules/react-dom/cjs/react-dom.development.js:12339:9)
      at commitLifeCycles (node_modules/react-dom/cjs/react-dom.development.js:20736:11)
      at commitLayoutEffects (node_modules/react-dom/cjs/react-dom.development.js:23426:7)
      at HTMLUnknownElement.callCallback (node_modules/react-dom/cjs/react-dom.development.js:3945:14)

FAIL src/App.test.tsx
  ✕ renders the course name somewhere (223 ms)

  ● renders the course name somewhere

    TypeError: targetWindow.matchMedia is not a function

      4 |
      5 | test("renders the course name somewhere", () => {
    > 6 |     render(<App />);
        |     ^
      7 |     const linkElement = screen.getByText(/CISC275/i);
      8 |     expect(linkElement).toBeInTheDocument();
      9 | });

      at getMatcher (node_modules/@restart/hooks/cjs/useMediaQuery.js:21:24)
      at useMediaQuery (node_modules/@restart/hooks/cjs/useMediaQuery.js:54:13)
      at useBreakpoint (node_modules/@restart/hooks/cjs/useBreakpoint.js:113:39)
      at node_modules/react-bootstrap/cjs/Offcanvas.js:71:62
      at renderWithHooks (node_modules/react-dom/cjs/react-dom.development.js:14985:18)
      at updateForwardRef (node_modules/react-dom/cjs/react-dom.development.js:17044:20)
      at beginWork (node_modules/react-dom/cjs/react-dom.development.js:19098:16)
      at HTMLUnknownElement.callCallback (node_modules/react-dom/cjs/react-dom.development.js:3945:14)
      at HTMLUnknownElement.callTheUserObjectsOperation (node_modules/jsdom/lib/jsdom/living/generated/EventListener.js:26:30)
      at innerInvokeEventListeners (node_modules/jsdom/lib/jsdom/living/events/EventTarget-impl.js:338:25)
      at invokeEventListeners (node_modules/jsdom/lib/jsdom/living/events/EventTarget-impl.js:274:3)
      at HTMLUnknownElementImpl._dispatch (node_modules/jsdom/lib/jsdom/living/events/EventTarget-impl.js:221:9)
      at HTMLUnknownElementImpl.dispatchEvent (node_modules/jsdom/lib/jsdom/living/events/EventTarget-impl.js:94:17)
      at HTMLUnknownElement.dispatchEvent (node_modules/jsdom/lib/jsdom/living/generated/EventTarget.js:231:34)
      at Object.invokeGuardedCallbackDev (node_modules/react-dom/cjs/react-dom.development.js:3994:16)
      at invokeGuardedCallback (node_modules/react-dom/cjs/react-dom.development.js:4056:31)
      at beginWork$1 (node_modules/react-dom/cjs/react-dom.development.js:23964:7)
      at performUnitOfWork (node_modules/react-dom/cjs/react-dom.development.js:22779:12)
      at workLoopSync (node_modules/react-dom/cjs/react-dom.development.js:22707:5)
      at renderRootSync (node_modules/react-dom/cjs/react-dom.development.js:22670:7)
      at performSyncWorkOnRoot (node_modules/react-dom/cjs/react-dom.development.js:22293:18)
      at scheduleUpdateOnFiber (node_modules/react-dom/cjs/react-dom.development.js:21881:7)
      at updateContainer (node_modules/react-dom/cjs/react-dom.development.js:25482:3)
      at node_modules/react-dom/cjs/react-dom.development.js:26021:7
      at unbatchedUpdates (node_modules/react-dom/cjs/react-dom.development.js:22431:12)
      at legacyRenderSubtreeIntoContainer (node_modules/react-dom/cjs/react-dom.development.js:26020:5)
      at Object.render (node_modules/react-dom/cjs/react-dom.development.js:26103:10)
      at node_modules/@testing-library/react/dist/pure.js:101:25
      at batchedUpdates$1 (node_modules/react-dom/cjs/react-dom.development.js:22380:12)
      at act (node_modules/react-dom/cjs/react-dom-test-utils.development.js:1042:14)
      at render (node_modules/@testing-library/react/dist/pure.js:97:26)
      at Object.<anonymous> (src/App.test.tsx:6:5)
      at TestScheduler.scheduleTests (node_modules/@jest/core/build/TestScheduler.js:333:13)
      at runJest (node_modules/@jest/core/build/runJest.js:404:19)
      at _run10000 (node_modules/@jest/core/build/cli/index.js:320:7)
      at runCLI (node_modules/@jest/core/build/cli/index.js:173:3)

--------------------------|---------|----------|---------|---------|-------------------
File                      | % Stmts | % Branch | % Funcs | % Lines | Uncovered Line #s 
--------------------------|---------|----------|---------|---------|-------------------
All files                 |   31.57 |    26.31 |   25.42 |   34.88 |                   
 src                      |    12.5 |        0 |   11.11 |    12.5 |                   
  App.tsx                 |     100 |      100 |     100 |     100 |                   
  ModalView.tsx           |       0 |      100 |       0 |       0 | 7                 
  Products.tsx            |       0 |        0 |       0 |       0 | 27-92             
  images.tsx              |     100 |      100 |     100 |     100 |                   
 src/components           |   40.74 |    36.36 |      45 |    42.3 |                   
  Cart.tsx                |   33.33 |        0 |      25 |   33.33 | 22-32             
  DisplayProductType.tsx  |       0 |      100 |       0 |       0 | 11-17             
  DisplayProducts.tsx     |       0 |      100 |       0 |       0 | 8-12              
  Navigation.tsx          |     100 |       50 |     100 |     100 | 16-76             
  cartItem.tsx            |       0 |        0 |       0 |       0 | 13-43             
 src/context              |   24.24 |        0 |   10.52 |   30.76 |                   
  shoppingCartContext.tsx |   24.24 |        0 |   10.52 |   30.76 | 39,47-84          
 src/extras               |     100 |      100 |     100 |     100 |                   
  formatMoney.ts          |     100 |      100 |     100 |     100 |                   
 src/hooks                |      70 |       50 |   66.66 |   77.77 |                   
  useLocalStorage.ts      |      70 |       50 |   66.66 |   77.77 | 8,15              
 src/interfaces           |       0 |        0 |       0 |       0 |                   
  accounts.ts             |       0 |        0 |       0 |       0 |                   
  orders.ts               |       0 |        0 |       0 |       0 |                   
 src/pages                |       0 |      100 |       0 |       0 |                   
  CasesPage.tsx           |       0 |      100 |       0 |       0 | 5                 
  GraphicsCardPage.tsx    |       0 |      100 |       0 |       0 | 5                 
  Home.tsx                |       0 |      100 |       0 |       0 | 6                 
  MBoardPage.tsx          |       0 |      100 |       0 |       0 | 5                 
  ProcessorPage.tsx       |       0 |      100 |       0 |       0 | 5                 
  RamPage.tsx             |       0 |      100 |       0 |       0 | 5                 
  StoragePage.tsx         |       0 |      100 |       0 |       0 | 5                 
--------------------------|---------|----------|---------|---------|-------------------
Test Suites: 1 failed, 1 total
Tests:       1 failed, 1 total
Snapshots:   0 total
Time:        3.35 s
Ran all test suites.
